[www.nuedextahcp.com/index.html]
[backblue.gif]
[fade.gif]
[index.html]
[cdn.cookielaw.org/scripttemplates/otSDKStub.js]
[www.nuedextahcp.com/sites/g/files/qhldwo11926/files/favicon_4.ico]
[assets.adobedtm.com/3f0d2e2dbd42/313fd7baa8af/launch-bacdce8b01b7.min.js]
[www.nuedextahcp.com/core/assets/vendor/jquery.ui/themes/base/coreb4a3.css]
[www.nuedextahcp.com/core/assets/vendor/jquery.ui/themes/base/controlgroupb4a3.css]
[www.nuedextahcp.com/core/assets/vendor/jquery.ui/themes/base/checkboxradiob4a3.css]
[www.nuedextahcp.com/core/assets/vendor/jquery.ui/themes/base/resizableb4a3.css]
[www.nuedextahcp.com/core/assets/vendor/jquery.ui/themes/base/buttonb4a3.css]
[www.nuedextahcp.com/core/assets/vendor/jquery.ui/themes/base/dialogb4a3.css]
[www.nuedextahcp.com/core/themes/stable9/css/core/components/progress.moduleb4a3.css]
[www.nuedextahcp.com/core/themes/stable9/css/core/components/ajax-progress.moduleb4a3.css]
[www.nuedextahcp.com/core/themes/stable9/css/system/components/align.moduleb4a3.css]
[www.nuedextahcp.com/core/themes/stable9/css/system/components/fieldgroup.moduleb4a3.css]
[www.nuedextahcp.com/core/themes/stable9/css/system/components/container-inline.moduleb4a3.css]
[www.nuedextahcp.com/core/themes/stable9/css/system/components/clearfix.moduleb4a3.css]
[www.nuedextahcp.com/core/themes/stable9/css/system/components/details.moduleb4a3.css]
[www.nuedextahcp.com/core/themes/stable9/css/system/components/hidden.moduleb4a3.css]
[www.nuedextahcp.com/core/themes/stable9/css/system/components/item-list.moduleb4a3.css]
[www.nuedextahcp.com/core/themes/stable9/css/system/components/js.moduleb4a3.css]
[www.nuedextahcp.com/core/themes/stable9/css/system/components/nowrap.moduleb4a3.css]
[www.nuedextahcp.com/core/themes/stable9/css/system/components/position-container.moduleb4a3.css]
[www.nuedextahcp.com/core/themes/stable9/css/system/components/reset-appearance.moduleb4a3.css]
[www.nuedextahcp.com/core/themes/stable9/css/system/components/resize.moduleb4a3.css]
[www.nuedextahcp.com/core/themes/stable9/css/system/components/system-status-counterb4a3.css]
[www.nuedextahcp.com/core/themes/stable9/css/system/components/system-status-report-countersb4a3.css]
[www.nuedextahcp.com/core/themes/stable9/css/system/components/system-status-report-general-infob4a3.css]
[www.nuedextahcp.com/core/themes/stable9/css/system/components/tablesort.moduleb4a3.css]
[www.nuedextahcp.com/core/modules/ckeditor5/css/ckeditor5.dialog.fixb4a3.css]
[www.nuedextahcp.com/modules/custom/otsuka_privacy_compliant_media/css/otsuka_privacy_compliant_mediab4a3.css]
[www.nuedextahcp.com/core/assets/vendor/jquery.ui/themes/base/themeb4a3.css]
[www.nuedextahcp.com/modules/custom/otsuka_sfmc_registration/css/dist/otsuka_sfmc_registrationb4a3.css]
[www.nuedextahcp.com/modules/contrib/paragraphs/css/paragraphs.unpublishedb4a3.css]
[www.nuedextahcp.com/modules/custom/pharma_isi/js/3rd-party/mCustomScrollbar/jquery.mCustomScrollbarb4a3.css]
[www.nuedextahcp.com/sites/g/files/qhldwo11926/themes/site/themes/custom/otsuka_ds3_nuedextahcp_theme/dist/css/00-bootstrap/styles/bootstrap.buttonsb4a3.css]
[www.nuedextahcp.com/sites/g/files/qhldwo11926/themes/site/themes/custom/otsuka_ds3_nuedextahcp_theme/dist/css/00-bootstrap/styles/bootstrap.dropdownb4a3.css]
[www.nuedextahcp.com/sites/g/files/qhldwo11926/themes/site/themes/custom/otsuka_ds3_nuedextahcp_theme/dist/css/00-bootstrap/styles/bootstrap.transitionsb4a3.css]
[www.nuedextahcp.com/sites/g/files/qhldwo11926/themes/site/themes/custom/otsuka_ds3_nuedextahcp_theme/dist/css/00-bootstrap/styles/bootstrap.navb4a3.css]
[www.nuedextahcp.com/sites/g/files/qhldwo11926/themes/site/themes/custom/otsuka_ds3_nuedextahcp_theme/dist/css/00-bootstrap/styles/bootstrap.navbarb4a3.css]
[www.nuedextahcp.com/sites/g/files/qhldwo11926/themes/site/themes/custom/otsuka_ds3_nuedextahcp_theme/dist/css/00-bootstrap/styles/bootstrap.imagesb4a3.css]
[www.nuedextahcp.com/sites/g/files/qhldwo11926/themes/site/themes/custom/otsuka_ds3_nuedextahcp_theme/dist/css/00-bootstrap/styles/bootstrap.closeb4a3.css]
[www.nuedextahcp.com/sites/g/files/qhldwo11926/themes/site/themes/custom/otsuka_ds3_nuedextahcp_theme/dist/css/00-bootstrap/styles/bootstrap.modalb4a3.css]
[www.nuedextahcp.com/sites/g/files/qhldwo11926/themes/site/themes/custom/otsuka_ds3_nuedextahcp_theme/dist/css/00-bootstrap/styles/bootstrap.criticalb4a3.css]
[www.nuedextahcp.com/sites/g/files/qhldwo11926/themes/site/themes/custom/otsuka_ds3_nuedextahcp_theme/dist/css/03-organisms/isi-tray/isi-trayb4a3.css]
[www.nuedextahcp.com/sites/g/files/qhldwo11926/themes/site/themes/custom/otsuka_ds3_nuedextahcp_theme/dist/css/03-organisms/site/site-footer/site-footerb4a3.css]
[www.nuedextahcp.com/sites/g/files/qhldwo11926/themes/site/themes/custom/otsuka_ds3_nuedextahcp_theme/dist/css/02-molecules/logo/logob4a3.css]
[www.nuedextahcp.com/sites/g/files/qhldwo11926/themes/site/themes/custom/otsuka_ds3_nuedextahcp_theme/dist/css/02-molecules/menus/main-menu/main-menub4a3.css]
[www.nuedextahcp.com/sites/g/files/qhldwo11926/themes/site/themes/custom/otsuka_ds3_nuedextahcp_theme/dist/css/02-molecules/menus/top-menu/top-menub4a3.css]
[www.nuedextahcp.com/sites/g/files/qhldwo11926/themes/site/themes/custom/otsuka_ds3_nuedextahcp_theme/dist/css/00-base/04-focus/focusb4a3.css]
[www.nuedextahcp.com/sites/g/files/qhldwo11926/themes/site/themes/custom/otsuka_ds3_nuedextahcp_theme/dist/css/03-organisms/site/site-header/site-head/site-header-a.2fb4a3.de]
[www.nuedextahcp.com/sites/g/files/qhldwo11926/themes/site/themes/custom/otsuka_ds3_nuedextahcp_theme/dist/css/01-atoms/spacer/spacerb4a3.css]
[www.nuedextahcp.com/sites/g/files/qhldwo11926/themes/site/themes/custom/otsuka_ds3_nuedextahcp_theme/dist/css/02-molecules/card/card-j/card-jb4a3.css]
[www.nuedextahcp.com/sites/g/files/qhldwo11926/themes/site/themes/custom/otsuka_ds3_nuedextahcp_theme/dist/css/03-organisms/external-link-popup/external-link-popup.32b4a3.del]
[www.nuedextahcp.com/sites/g/files/qhldwo11926/themes/site/themes/custom/otsuka_ds3_nuedextahcp_theme/dist/css/03-organisms/copay_and_sample/copay_and_sampleb4a3.css]
[www.nuedextahcp.com/sites/g/files/qhldwo11926/themes/site/themes/custom/otsuka_ds3_nuedextahcp_theme/dist/css/03-organisms/webforms/request_a_sample/request_a_sample.33b4a3]
[www.nuedextahcp.com/sites/g/files/qhldwo11926/themes/site/themes/custom/otsuka_ds3_nuedextahcp_theme/dist/css/03-organisms/explore_dosing/explore_dosingb4a3.css]
[www.nuedextahcp.com/sites/g/files/qhldwo11926/themes/site/themes/custom/otsuka_ds3_nuedextahcp_theme/dist/css/03-organisms/hero/herob4a3.css]
[www.nuedextahcp.com/sites/g/files/qhldwo11926/themes/site/themes/custom/otsuka_ds3_nuedextahcp_theme/dist/css/03-organisms/primary_condition/primary_conditionb4a3.css]
[www.nuedextahcp.com/sites/g/files/qhldwo11926/themes/site/themes/custom/otsuka_ds3_nuedextahcp_theme/dist/css/03-organisms/references/referencesb4a3.css]
[www.nuedextahcp.com/sites/g/files/qhldwo11926/themes/site/themes/custom/otsuka_ds3_nuedextahcp_theme/dist/css/03-organisms/reveal_impact/reveal_impactb4a3.css]
[www.nuedextahcp.com/sites/g/files/qhldwo11926/themes/site/themes/custom/otsuka_ds3_nuedextahcp_theme/dist/css/globalb4a3.css]
[www.nuedextahcp.com/core/assets/vendor/jquery/jquery.mind734.js]
[www.nuedextahcp.com/core/assets/vendor/once/once.minf700.js]
[www.nuedextahcp.com/core/misc/drupalSettingsLoaderfe04.js]
[www.nuedextahcp.com/core/misc/drupalfe04.js]
[www.nuedextahcp.com/core/misc/drupal.initfe04.js]
[www.nuedextahcp.com/core/assets/vendor/jquery.ui/ui/version-minfe04.js]
[www.nuedextahcp.com/core/assets/vendor/jquery.ui/ui/data-minfe04.js]
[www.nuedextahcp.com/core/assets/vendor/jquery.ui/ui/disable-selection-minfe04.js]
[www.nuedextahcp.com/core/assets/vendor/jquery.ui/ui/jquery-patch-minfe04.js]
[www.nuedextahcp.com/core/assets/vendor/jquery.ui/ui/scroll-parent-minfe04.js]
[www.nuedextahcp.com/core/assets/vendor/jquery.ui/ui/unique-id-minfe04.js]
[www.nuedextahcp.com/core/assets/vendor/jquery.ui/ui/focusable-minfe04.js]
[www.nuedextahcp.com/core/assets/vendor/jquery.ui/ui/keycode-minfe04.js]
[www.nuedextahcp.com/core/assets/vendor/jquery.ui/ui/plugin-minfe04.js]
[www.nuedextahcp.com/core/assets/vendor/jquery.ui/ui/widget-minfe04.js]
[www.nuedextahcp.com/core/assets/vendor/jquery.ui/ui/labels-minfe04.js]
[www.nuedextahcp.com/core/assets/vendor/jquery.ui/ui/widgets/controlgroup-minfe04.js]
[www.nuedextahcp.com/core/assets/vendor/jquery.ui/ui/form-reset-mixin-minfe04.js]
[www.nuedextahcp.com/core/assets/vendor/jquery.ui/ui/widgets/mouse-minfe04.js]
[www.nuedextahcp.com/core/assets/vendor/jquery.ui/ui/widgets/checkboxradio-minfe04.js]
[www.nuedextahcp.com/core/assets/vendor/jquery.ui/ui/widgets/draggable-minfe04.js]
[www.nuedextahcp.com/core/assets/vendor/jquery.ui/ui/widgets/resizable-minfe04.js]
[www.nuedextahcp.com/core/assets/vendor/jquery.ui/ui/widgets/button-minfe04.js]
[www.nuedextahcp.com/core/assets/vendor/jquery.ui/ui/widgets/dialog-minfe04.js]
[www.nuedextahcp.com/core/assets/vendor/tabbable/index.umd.min0559.js]
[www.nuedextahcp.com/core/assets/vendor/tua-body-scroll-lock/tua-bsl.umd.minfe04.js]
[www.nuedextahcp.com/modules/contrib/adobe_launch/js/adobe_launch_dtm_initb4a3.js]
[www.nuedextahcp.com/modules/contrib/google_tag/js/gtagb4a3.js]
[www.nuedextahcp.com/core/misc/debouncefe04.js]
[www.nuedextahcp.com/core/misc/announcefe04.js]
[www.nuedextahcp.com/modules/contrib/google_tag/js/gtmb4a3.js]
[www.nuedextahcp.com/core/misc/displacefe04.js]
[www.nuedextahcp.com/core/misc/jquery.tabbable.shimfe04.js]
[www.nuedextahcp.com/core/misc/positionfe04.js]
[www.nuedextahcp.com/core/misc/dialog/dialog-deprecationfe04.js]
[www.nuedextahcp.com/core/misc/dialog/dialogfe04.js]
[www.nuedextahcp.com/core/misc/dialog/dialog.positionfe04.js]
[www.nuedextahcp.com/core/misc/dialog/dialog.jquery-uife04.js]
[www.nuedextahcp.com/core/modules/ckeditor5/js/ckeditor5.dialog.fixfe04.js]
[unpkg.com/tabbable@6.3.0/dist/index.umd.js]
[unpkg.com/focus-trap@7.6.6/dist/focus-trap.umd.js]
[www.nuedextahcp.com/modules/custom/otsuka_focus_manager/js/focus.managerfe04.js]
[www.nuedextahcp.com/core/misc/tabbingmanagerfe04.js]
[www.nuedextahcp.com/modules/custom/otsuka_privacy_compliant_media/js/otsuka_pcm_apife04.js]
[www.nuedextahcp.com/sites/g/files/qhldwo11926/files/copay_cards/691c701c657e3.pdf]
[www.nuedextahcp.com/sites/g/files/qhldwo11926/files/2024-09/ko.svg]
[www.nuedextahcp.com/what-is-pba.html]
[www.nuedextahcp.com/impact-of-pba.html]
[www.nuedextahcp.com/diagnosing-pba.html]
[www.nuedextahcp.com/pba-and-depression.html]
[www.nuedextahcp.com/efficacy.html]
[www.nuedextahcp.com/safety.html]
[www.nuedextahcp.com/dosing-and-treatment.html]
[www.nuedextahcp.com/access-and-affordability.html]
[www.nuedextahcp.com/resources.html]
[www.nuedextahcp.com/sitemap.html]
[www.nuedextahcp.com/contact-otsuka.html]
[www.nuedextahcp.com/sites/g/files/qhldwo11926/files/2025-08/hero1-m.png]
[www.nuedextahcp.com/sites/g/files/qhldwo11926/files/2025-09/NUE-hero-image-Carol-update-1920x800.jpg]
[www.nuedextahcp.com/sites/g/files/qhldwo11926/files/2024-10/copay_card.svg]
[www.nuedextahcp.com/sites/g/files/qhldwo11926/files/2024-10/pill-bottle.svg]
[www.nuedextahcp.com/form/request-a-sample.html]
[www.nuedextahcp.com/sites/g/files/qhldwo11926/files/2024-09/patient-with-multiple-sclerosis.png]
[www.nuedextahcp.com/sites/g/files/qhldwo11926/files/2024-09/patient-with-traumatic-brain-injury.png]
[www.nuedextahcp.com/sites/g/files/qhldwo11926/files/2024-09/patient-with-alzheimer-disease.png]
[www.nuedextahcp.com/sites/g/files/qhldwo11926/files/2025-08/jill-d.png]
[www.nuedextahcp.com/sites/g/files/qhldwo11926/files/2025-08/jill-m.png]
[www.nuedextahcp.com/sites/g/files/qhldwo11926/files/2024-09/3-steps.png]
[www.nuedextahcp.com/sites/g/files/qhldwo11926/files/2024-09/dmo-20-10.png]
[www.nuedextahcp.com/sites/g/files/qhldwo11926/files/2025-04/otsuka_logo.png]
[www.nuedextahcp.com/sites/g/files/qhldwo11926/themes/site/themes/custom/otsuka_ds3_nuedextahcp_theme/dist/js/00-base/04-focus/focusb4a3.js]
[www.nuedextahcp.com/core/misc/progressfe04.js]
[www.nuedextahcp.com/core/assets/vendor/loadjs/loadjs.mine0a5.js]
[www.nuedextahcp.com/core/misc/messagefe04.js]
[www.nuedextahcp.com/core/misc/ajaxfe04.js]
[www.nuedextahcp.com/modules/contrib/google_tag/js/gtag.ajaxb4a3.js]
[www.nuedextahcp.com/sites/g/files/qhldwo11926/themes/site/themes/custom/otsuka_ds3_nuedextahcp_theme/dist/js/03-organisms/isi-tray/isi-trayb4a3.js]
[www.nuedextahcp.com/sites/g/files/qhldwo11926/themes/site/themes/custom/otsuka_ds3_nuedextahcp_theme/dist/js/00-bootstrap/js/bootstrap.buttonb4a3.js]
[www.nuedextahcp.com/sites/g/files/qhldwo11926/themes/site/themes/custom/otsuka_ds3_nuedextahcp_theme/dist/js/00-bootstrap/js/bootstrap.collapseb4a3.js]
[www.nuedextahcp.com/sites/g/files/qhldwo11926/themes/site/themes/custom/otsuka_ds3_nuedextahcp_theme/dist/js/02-molecules/menus/main-menu/main-menub4a3.js]
[www.nuedextahcp.com/sites/g/files/qhldwo11926/themes/site/themes/custom/otsuka_ds3_nuedextahcp_theme/dist/js/00-base/04-focus/focus.advancedb4a3.js]
[www.nuedextahcp.com/sites/g/files/qhldwo11926/themes/site/themes/custom/otsuka_ds3_nuedextahcp_theme/dist/js/00-bootstrap/js/bootstrap.modalb4a3.js]
[www.nuedextahcp.com/modules/contrib/external_link_popup/js/dialogfe04.js]
[www.nuedextahcp.com/modules/contrib/bootstrap_external_link_popup/js/dialogfe04.js]
[www.nuedextahcp.com/modules/custom/otsuka_ds/otsuka_ds_tagging/js/link_taggingb4a3.js]
[www.nuedextahcp.com/sites/g/files/qhldwo11926/themes/site/themes/custom/otsuka_ds3_nuedextahcp_theme/dist/js/03-organisms/external-link-popup/external-link-popup.95b4a3.dela]
[www.nuedextahcp.com/modules/custom/otsuka_ds/otsuka_ds_tagging/js/form_ls_confirmationb4a3.js]
[www.nuedextahcp.com/modules/custom/otsuka_ds/otsuka_ds_tagging/js/formb4a3.js]
[www.nuedextahcp.com/sites/g/files/qhldwo11926/themes/site/themes/custom/otsuka_ds3_nuedextahcp_theme/dist/js/03-organisms/webforms/request_a_sample/request_a_sample.96b4a3.d]
[www.nuedextahcp.com/modules/custom/otsuka_ds/otsuka_ds_tagging/js/form_modalb4a3.js]
[www.nuedextahcp.com/sites/g/files/qhldwo11926/themes/site/themes/custom/otsuka_ds3_nuedextahcp_theme/dist/js/00-base/07-analytics/analytics-formb4a3.js]
[www.nuedextahcp.com/sites/g/files/qhldwo11926/themes/site/themes/custom/otsuka_ds3_nuedextahcp_theme/dist/js/00-base/07-analytics/analytics-customb4a3.js]
[www.nuedextahcp.com/sites/g/files/qhldwo11926/themes/site/themes/custom/otsuka_ds3_nuedextahcp_theme/dist/js/globalb4a3.js]
[www.nuedextahcp.com/sites/g/files/qhldwo11926/themes/site/themes/custom/otsuka_ds3_nuedextahcp_theme/dist/js/03-organisms/references/referencesb4a3.js]
[www.nuedextahcp.com/modules/custom/otsuka_focus_manager/js/init.focusfe04.js]
[www.nuedextahcp.com/modules/custom/otsuka_sfmc_registration/js/dist/otsuka_sfmc_preprocessb4a3.js]
[www.nuedextahcp.com/modules/custom/pharma_isi/js/3rd-party/mCustomScrollbar/jquery.mCustomScrollbara0fc.js]
[www.nuedextahcp.com/modules/custom/pharma_isi/js/3rd-party/jquery.ba-throttle-debounce.mina0fc.js]
[www.nuedextahcp.com/sites/g/files/qhldwo11926/themes/site/themes/custom/otsuka_ds3_nuedextahcp_theme/dist/js/03-organisms/isi-tray/js/pharma_isi_drawera0fc.js]
[www.nuedextahcp.com/core/misc/dialog/dialog.ajaxfe04.js]
[www.nuedextahcp.com/modules/contrib/webform/js/webform.drupal.dialogfe04.js]
[www.nuedextahcp.com/modules/contrib/webform/js/webform.dialogfe04.js]
[www.nuedextahcp.com/index.html]
[www.nuedextahcp.com/t]
[assets.adobedtm.com/3f0d2e2dbd42/313fd7baa8af/launch-bacdce8b01b7.min.js]
[www.nuedextahcp.com/core/assets/vendor/jquery.ui/themes/base/coreb4a3.css]
[www.nuedextahcp.com/core/assets/vendor/jquery.ui/themes/base/controlgroupb4a3.css]
[www.nuedextahcp.com/core/assets/vendor/jquery.ui/themes/base/checkboxradiob4a3.css]
[www.nuedextahcp.com/core/assets/vendor/jquery.ui/themes/base/resizableb4a3.css]
[www.nuedextahcp.com/core/assets/vendor/jquery.ui/themes/base/buttonb4a3.css]
[www.nuedextahcp.com/core/assets/vendor/jquery.ui/themes/base/dialogb4a3.css]
[www.nuedextahcp.com/core/themes/stable9/css/core/components/progress.moduleb4a3.css]
[www.nuedextahcp.com/core/misc/throbber-active.gif]
[connect.facebook.net/en_US/fbevents.js]
[www.nuedextahcp.com/core/misc/loading-small.gif]
[www.nuedextahcp.com/core/themes/stable9/css/core/components/ajax-progress.moduleb4a3.css]
[www.nuedextahcp.com/core/themes/stable9/css/system/components/align.moduleb4a3.css]
[www.nuedextahcp.com/core/themes/stable9/css/system/components/fieldgroup.moduleb4a3.css]
[www.nuedextahcp.com/core/themes/stable9/css/system/components/container-inline.moduleb4a3.css]
[www.nuedextahcp.com/core/themes/stable9/css/system/components/clearfix.moduleb4a3.css]
[www.nuedextahcp.com/core/themes/stable9/css/system/components/details.moduleb4a3.css]
[www.nuedextahcp.com/core/themes/stable9/css/system/components/hidden.moduleb4a3.css]
[www.nuedextahcp.com/core/themes/stable9/css/system/components/item-list.moduleb4a3.css]
[www.nuedextahcp.com/core/themes/stable9/css/system/components/js.moduleb4a3.css]
[www.nuedextahcp.com/core/themes/stable9/css/system/components/nowrap.moduleb4a3.css]
[www.nuedextahcp.com/core/themes/stable9/css/system/components/position-container.moduleb4a3.css]
[www.nuedextahcp.com/core/themes/stable9/css/system/components/reset-appearance.moduleb4a3.css]
[www.nuedextahcp.com/core/themes/stable9/css/system/components/resize.moduleb4a3.css]
[www.nuedextahcp.com/core/misc/icons/e32700/error.svg]
[www.nuedextahcp.com/core/misc/icons/e29700/warning.svg]
[www.nuedextahcp.com/core/themes/stable9/css/system/components/system-status-counterb4a3.css]
[www.nuedextahcp.com/core/themes/stable9/css/system/components/system-status-report-countersb4a3.css]
[www.nuedextahcp.com/core/themes/stable9/css/system/components/system-status-report-general-infob4a3.css]
[www.nuedextahcp.com/core/misc/icons/73b355/check.svg]
[www.nuedextahcp.com/core/misc/icons/787878/twistie-down.svg]
[www.nuedextahcp.com/core/themes/stable9/css/system/components/tablesort.moduleb4a3.css]
[www.nuedextahcp.com/core/modules/ckeditor5/css/ckeditor5.dialog.fixb4a3.css]
[www.nuedextahcp.com/core/misc/icons/787878/twistie-up.svg]
[www.nuedextahcp.com/modules/custom/otsuka_privacy_compliant_media/img/video-play-btn-mobile.svg]
[www.nuedextahcp.com/modules/custom/otsuka_privacy_compliant_media/img/video-play-btn.svg]
[www.nuedextahcp.com/modules/custom/otsuka_privacy_compliant_media/img/buzzsprout-placeholder.png]
[www.nuedextahcp.com/modules/custom/otsuka_privacy_compliant_media/css/otsuka_privacy_compliant_mediab4a3.css]
[www.nuedextahcp.com/modules/custom/otsuka_privacy_compliant_media/img/orbita-chat-bubble.svg]
[www.nuedextahcp.com/core/assets/vendor/jquery.ui/themes/base/images/ui-icons_444444_256x240.png]
[www.nuedextahcp.com/core/assets/vendor/jquery.ui/themes/base/images/ui-icons_555555_256x240.png]
[www.nuedextahcp.com/core/assets/vendor/jquery.ui/themes/base/images/ui-icons_ffffff_256x240.png]
[www.nuedextahcp.com/core/assets/vendor/jquery.ui/themes/base/images/ui-icons_777620_256x240.png]
[www.nuedextahcp.com/core/assets/vendor/jquery.ui/themes/base/images/ui-icons_cc0000_256x240.png]
[www.nuedextahcp.com/core/assets/vendor/jquery.ui/themes/base/images/ui-icons_777777_256x240.png]
[www.nuedextahcp.com/core/assets/vendor/jquery.ui/themes/base/themeb4a3.css]
[www.nuedextahcp.com/modules/custom/otsuka_sfmc_registration/css/dist/otsuka_sfmc_registrationb4a3.css]
[www.nuedextahcp.com/modules/contrib/paragraphs/css/paragraphs.unpublishedb4a3.css]
[www.nuedextahcp.com/modules/custom/pharma_isi/js/3rd-party/mCustomScrollbar/jquery.mCustomScrollbarb4a3.css]
[www.nuedextahcp.com/sites/g/files/qhldwo11926/themes/site/themes/custom/otsuka_ds3_nuedextahcp_theme/dist/css/00-bootstrap/styles/bootstrap.buttonsb4a3.css]
[www.nuedextahcp.com/sites/g/files/qhldwo11926/themes/site/themes/custom/otsuka_ds3_nuedextahcp_theme/dist/css/00-bootstrap/styles/bootstrap.dropdownb4a3.css]
[www.nuedextahcp.com/sites/g/files/qhldwo11926/themes/site/themes/custom/otsuka_ds3_nuedextahcp_theme/dist/css/00-bootstrap/styles/bootstrap.transitionsb4a3.css]
[www.nuedextahcp.com/sites/g/files/qhldwo11926/themes/site/themes/custom/otsuka_ds3_nuedextahcp_theme/dist/css/00-bootstrap/styles/bootstrap.navb4a3.css]
[www.nuedextahcp.com/sites/g/files/qhldwo11926/themes/site/themes/custom/otsuka_ds3_nuedextahcp_theme/dist/css/00-bootstrap/styles/bootstrap.navbarb4a3.css]
[www.nuedextahcp.com/sites/g/files/qhldwo11926/themes/site/themes/custom/otsuka_ds3_nuedextahcp_theme/dist/css/00-bootstrap/styles/bootstrap.imagesb4a3.css]
[www.nuedextahcp.com/sites/g/files/qhldwo11926/themes/site/themes/custom/otsuka_ds3_nuedextahcp_theme/dist/css/00-bootstrap/styles/bootstrap.closeb4a3.css]
[www.nuedextahcp.com/sites/g/files/qhldwo11926/themes/site/themes/custom/otsuka_ds3_nuedextahcp_theme/dist/css/00-bootstrap/styles/bootstrap.modalb4a3.css]
[www.nuedextahcp.com/sites/g/files/qhldwo11926/themes/site/themes/custom/otsuka_ds3_nuedextahcp_theme/dist/css/00-bootstrap/styles/bootstrap.criticalb4a3.css]
[www.nuedextahcp.com/sites/g/files/qhldwo11926/themes/site/themes/custom/otsuka_ds3_nuedextahcp_theme/dist/css/03-organisms/isi-tray/img/plus-circle.svg]
[www.nuedextahcp.com/sites/g/files/qhldwo11926/themes/site/themes/custom/otsuka_ds3_nuedextahcp_theme/dist/css/03-organisms/isi-tray/isi-trayb4a3.css]
[www.nuedextahcp.com/sites/g/files/qhldwo11926/themes/site/themes/custom/otsuka_ds3_nuedextahcp_theme/dist/css/03-organisms/site/site-footer/site-footerb4a3.css]
[www.nuedextahcp.com/sites/g/files/qhldwo11926/themes/site/themes/custom/otsuka_ds3_nuedextahcp_theme/dist/css/02-molecules/logo/logob4a3.css]
[www.nuedextahcp.com/sites/g/files/qhldwo11926/themes/site/themes/custom/otsuka_ds3_nuedextahcp_theme/dist/css/03-organisms/isi-tray/img/minus-circle.svg]
[www.nuedextahcp.com/sites/g/files/qhldwo11926/themes/site/themes/custom/otsuka_ds3_nuedextahcp_theme/dist/images/icons/link-arrow-right-long.svg]
[www.nuedextahcp.com/sites/g/files/qhldwo11926/themes/site/themes/custom/otsuka_ds3_nuedextahcp_theme/dist/css/02-molecules/menus/main-menu/main-menub4a3.css]
[www.nuedextahcp.com/sites/g/files/qhldwo11926/themes/site/themes/custom/otsuka_ds3_nuedextahcp_theme/dist/images/icons/arrow-nav-dropdown.svg]
[www.nuedextahcp.com/sites/g/files/qhldwo11926/themes/site/themes/custom/otsuka_ds3_nuedextahcp_theme/dist/css/02-molecules/menus/top-menu/top-menub4a3.css]
[www.nuedextahcp.com/sites/g/files/qhldwo11926/themes/site/themes/custom/otsuka_ds3_nuedextahcp_theme/dist/css/03-organisms/site/site-header/site-head/site-header-a.2fb4a3.de]
[www.nuedextahcp.com/sites/g/files/qhldwo11926/themes/site/themes/custom/otsuka_ds3_nuedextahcp_theme/dist/css/00-base/04-focus/focusb4a3.css]
[www.nuedextahcp.com/sites/g/files/qhldwo11926/themes/site/themes/custom/otsuka_ds3_nuedextahcp_theme/dist/css/01-atoms/spacer/spacerb4a3.css]
[www.nuedextahcp.com/sites/g/files/qhldwo11926/themes/site/themes/custom/otsuka_ds3_nuedextahcp_theme/dist/images/icons/link-arrow-right.svg]
[www.nuedextahcp.com/sites/g/files/qhldwo11926/themes/site/themes/custom/otsuka_ds3_nuedextahcp_theme/dist/css/03-organisms/external-link-popup/external-link-popup.32b4a3.del]
[www.nuedextahcp.com/sites/g/files/qhldwo11926/themes/site/themes/custom/otsuka_ds3_nuedextahcp_theme/dist/css/03-organisms/webforms/request_a_sample/request_a_sample.33b4a3]
[www.nuedextahcp.com/sites/g/files/qhldwo11926/themes/site/themes/custom/otsuka_ds3_nuedextahcp_theme/dist/css/02-molecules/card/card-j/card-jb4a3.css]
[www.nuedextahcp.com/sites/g/files/qhldwo11926/themes/site/themes/custom/otsuka_ds3_nuedextahcp_theme/dist/css/03-organisms/external-link-popup/img/btn-close-bg.svg]
[www.nuedextahcp.com/sites/g/files/qhldwo11926/themes/site/themes/custom/otsuka_ds3_nuedextahcp_theme/dist/css/03-organisms/webforms/request_a_sample/i/btn-close-bg.c0.delaye]
[www.nuedextahcp.com/sites/g/files/qhldwo11926/themes/site/themes/custom/otsuka_ds3_nuedextahcp_theme/dist/css/03-organisms/copay_and_sample/img/link-icon.svg]
[www.nuedextahcp.com/sites/g/files/qhldwo11926/themes/site/themes/custom/otsuka_ds3_nuedextahcp_theme/dist/css/03-organisms/copay_and_sample/copay_and_sampleb4a3.css]
[www.nuedextahcp.com/sites/g/files/qhldwo11926/themes/site/themes/custom/otsuka_ds3_nuedextahcp_theme/dist/css/03-organisms/explore_dosing/explore_dosingb4a3.css]
[www.nuedextahcp.com/sites/g/files/qhldwo11926/themes/site/themes/custom/otsuka_ds3_nuedextahcp_theme/dist/css/03-organisms/hero/herob4a3.css]
[www.nuedextahcp.com/sites/g/files/qhldwo11926/themes/site/themes/custom/otsuka_ds3_nuedextahcp_theme/dist/css/03-organisms/primary_condition/primary_conditionb4a3.css]
[www.nuedextahcp.com/sites/g/files/qhldwo11926/themes/site/themes/custom/otsuka_ds3_nuedextahcp_theme/dist/css/03-organisms/references/referencesb4a3.css]
[www.nuedextahcp.com/sites/g/files/qhldwo11926/themes/site/themes/custom/otsuka_ds3_nuedextahcp_theme/dist/css/03-organisms/reveal_impact/reveal_impactb4a3.css]
[www.nuedextahcp.com/sites/g/files/qhldwo11926/themes/site/themes/custom/otsuka_ds3_nuedextahcp_theme/dist/css/globalb4a3.css]
[www.nuedextahcp.com/sites/g/files/qhldwo11926/files/2024-09/ko.svg]
[www.nuedextahcp.com/sites/g/files/qhldwo11926/themes/site/themes/custom/otsuka_ds3_nuedextahcp_theme/dist/css/03-organisms/copay_and_sample/img/link-icon-ext.svg]
[www.nuedextahcp.com/sites/g/files/qhldwo11926/themes/site/themes/custom/otsuka_ds3_nuedextahcp_theme/dist/css/03-organisms/more_patients/more_patientsb4a3.css]
[www.nuedextahcp.com/sites/g/files/qhldwo11926/themes/site/themes/custom/otsuka_ds3_nuedextahcp_theme/dist/css/03-organisms/prescribe_block/prescribe_blockb4a3.css]
[www.nuedextahcp.com/sites/g/files/qhldwo11926/themes/site/themes/custom/otsuka_ds3_nuedextahcp_theme/dist/css/03-organisms/pba_laughing/pba_laughingb4a3.css]
[www.nuedextahcp.com/sites/g/files/qhldwo11926/themes/site/themes/custom/otsuka_ds3_nuedextahcp_theme/dist/css/03-organisms/video/videoReact/videoReactb4a3.css]
[www.nuedextahcp.com/sites/g/files/qhldwo11926/themes/site/themes/custom/otsuka_ds3_nuedextahcp_theme/dist/css/03-organisms/two_million_patients/two_million_patients.c6b4a3.d]
[www.nuedextahcp.com/sites/g/files/qhldwo11926/themes/site/themes/custom/otsuka_ds3_nuedextahcp_theme/dist/css/03-organisms/video_block/video_blockb4a3.css]
[www.nuedextahcp.com/sites/g/files/qhldwo11926/files/2024-09/hero1.1-m.jpg]
[www.nuedextahcp.com/sites/g/files/qhldwo11926/files/2024-09/hero1.1-d.jpg]
[www.nuedextahcp.com/sites/g/files/qhldwo11926/files/2024-10/Layer_1 (2).svg]
[www.nuedextahcp.com/sites/g/files/qhldwo11926/files/2024-10/Group 2.svg]
[www.nuedextahcp.com/sites/g/files/qhldwo11926/files/2024-10/Layer_1 (3).svg]
[www.nuedextahcp.com/sites/g/files/qhldwo11926/files/2024-10/Layer_1 (4).svg]
[www.nuedextahcp.com/sites/g/files/qhldwo11926/files/2024-10/Layer_1 (5).svg]
[www.nuedextahcp.com/sites/g/files/qhldwo11926/themes/site/themes/custom/otsuka_ds3_nuedextahcp_theme/dist/icons.svg]
[www.nuedextahcp.com/sites/g/files/qhldwo11926/files/2024-10/Sequena.jpg]
[www.nuedextahcp.com/documents/OTSK_NUTA_HCPVideoTranscripts1_Video 1_FINAL_082824.pdf]
[www.nuedextahcp.com/sites/g/files/qhldwo11926/files/2025-08/jill-mobile.png]
[www.nuedextahcp.com/sites/g/files/qhldwo11926/files/2025-08/jill-desktop.png]
[www.nuedextahcp.com/sites/g/files/qhldwo11926/files/2024-10/DrFisher 1.png]
[www.nuedextahcp.com/sites/g/files/qhldwo11926/files/2024-10/DrFisher 1 (1).png]
[www.nuedextahcp.com/sites/g/files/qhldwo11926/files/2024-10/PrevalenceOfPBA.jpg]
[www.nuedextahcp.com/documents/18US23EBP0108-Prevalence-Transcript.pdf]
[www.nuedextahcp.com/sites/g/files/qhldwo11926/files/2024-10/ImportanceOfScreeningForPBA.jpg]
[www.nuedextahcp.com/documents/18US23EBP0110-Importance-Transcript.pdf]
[www.nuedextahcp.com/sites/g/files/qhldwo11926/files/2024-10/copay-card-blue.svg]
[www.nuedextahcp.com/sites/g/files/qhldwo11926/files/2024-10/pill-bottle-blue.svg]
[cdn.jsdelivr.net/npm/react-player/dist/ReactPlayer.standalone.js]
[www.nuedextahcp.com/sites/g/files/qhldwo11926/themes/site/themes/custom/otsuka_ds3_nuedextahcp_theme/dist/js/03-organisms/video/videoReact/videoReactb4a3.js]
[www.nuedextahcp.com/sites/g/files/qhldwo11926/themes/site/themes/custom/otsuka_ds3_nuedextahcp_theme/dist/js/03-organisms/video_block/video_blockb4a3.js]
[www.nuedextahcp.com/what-is-pba.html]
[www.nuedextahcp.com/sites/g/files/qhldwo11926/themes/site/themes/custom/otsuka_ds3_nuedextahcp_theme/dist/css/03-organisms/pba_info/pba_infob4a3.css]
[www.nuedextahcp.com/sites/g/files/qhldwo11926/themes/site/themes/custom/otsuka_ds3_nuedextahcp_theme/dist/css/03-organisms/suffering/sufferingb4a3.css]
[www.nuedextahcp.com/sites/g/files/qhldwo11926/files/2024-09/hero1.2-m.jpg]
[www.nuedextahcp.com/sites/g/files/qhldwo11926/files/2024-09/hero1.2-d.jpg]
[www.nuedextahcp.com/sites/g/files/qhldwo11926/files/2024-09/suffering-m-min_0.jpg]
[www.nuedextahcp.com/sites/g/files/qhldwo11926/files/2024-09/suffering-d-min_0.jpg]
[www.nuedextahcp.com/sites/g/files/qhldwo11926/files/2024-10/Jill.jpg]
[www.nuedextahcp.com/documents/OTSK_NUTA_HCPVideoTranscript2_Video 2_FINAL_082824.pdf]
[www.nuedextahcp.com/sites/g/files/qhldwo11926/files/2024-09/player (1)-min.png]
[www.nuedextahcp.com/documents/18US23EBP0117-Why-Didnt-They-Say-Something.pdf]
[www.nuedextahcp.com/impact-of-pba.html]
[www.nuedextahcp.com/sites/g/files/qhldwo11926/themes/site/themes/custom/otsuka_ds3_nuedextahcp_theme/dist/css/03-organisms/three_steps_to_help/three_steps_to_help.ebb4a3.del]
[www.nuedextahcp.com/sites/g/files/qhldwo11926/files/2024-09/hero1.3-m.jpg]
[www.nuedextahcp.com/sites/g/files/qhldwo11926/themes/site/themes/custom/otsuka_ds3_nuedextahcp_theme/dist/css/03-organisms/video_gallery_complex/video_gallery_complex.ecb4a3]
[www.nuedextahcp.com/sites/g/files/qhldwo11926/files/2024-09/hero1.3-d.jpg]
[www.nuedextahcp.com/sites/g/files/qhldwo11926/files/2024-09/numberbullet_0.svg]
[www.nuedextahcp.com/sites/g/files/qhldwo11926/files/2024-09/numberbullet.svg]
[www.nuedextahcp.com/sites/g/files/qhldwo11926/files/2024-09/numberbullet_1.svg]
[www.nuedextahcp.com/documents/18US23EUP0020-NuedextaHCP-Nonbranded-CNS-LS-ADA-Compliant.pdf]
[www.nuedextahcp.com/sites/g/files/qhldwo11926/files/2024-10/Screenshot 2024-05-06 at 11.07 1.png]
[www.nuedextahcp.com/sites/g/files/qhldwo11926/files/2024-10/Screenshot 2024-05-06 at 11.07 1 (1).png]
[www.nuedextahcp.com/sites/g/files/qhldwo11926/files/2024-10/Screenshot 2024-05-06 at 11.07 1 (2).png]
[www.nuedextahcp.com/sites/g/files/qhldwo11926/files/2024-10/Screenshot 2024-05-06 at 11.07 1 (5).png]
[www.nuedextahcp.com/sites/g/files/qhldwo11926/files/2024-10/Screenshot 2024-05-06 at 11.07 1 (3).png]
[www.nuedextahcp.com/sites/g/files/qhldwo11926/files/2024-10/Screenshot 2024-05-06 at 11.07 1 (4).png]
[www.nuedextahcp.com/sites/g/files/qhldwo11926/files/2024-09/videothumbnail.png]
[www.nuedextahcp.com/documents/18US23EBP0123-Identifying-Patients.pdf]
[www.nuedextahcp.com/diagnosing-pba.html]
[www.nuedextahcp.com/sites/g/files/qhldwo11926/themes/site/themes/custom/otsuka_ds3_nuedextahcp_theme/dist/css/01-atoms/text/text/textb4a3.css]
[www.nuedextahcp.com/sites/g/files/qhldwo11926/themes/site/themes/custom/otsuka_ds3_nuedextahcp_theme/dist/css/03-organisms/blockquote_image/blockquote_imageb4a3.css]
[www.nuedextahcp.com/sites/g/files/qhldwo11926/themes/site/themes/custom/otsuka_ds3_nuedextahcp_theme/dist/css/03-organisms/pba_diff/pba_diffb4a3.css]
[www.nuedextahcp.com/sites/g/files/qhldwo11926/themes/site/themes/custom/otsuka_ds3_nuedextahcp_theme/dist/css/03-organisms/pba_rec/pba_recb4a3.css]
[www.nuedextahcp.com/sites/g/files/qhldwo11926/files/2024-09/hero1.4-m.jpg]
[www.nuedextahcp.com/sites/g/files/qhldwo11926/files/2024-09/hero1.4-d.jpg]
[www.nuedextahcp.com/sites/g/files/qhldwo11926/files/2025-08/Carol-d.png]
[www.nuedextahcp.com/sites/g/files/qhldwo11926/files/2025-08/Carol-m.png]
[www.nuedextahcp.com/sites/g/files/qhldwo11926/files/2024-10/MaryBeth.jpg]
[www.nuedextahcp.com/documents/OTSK_NUTA_HCPVideoTranscript3_Video 3_FINAL_082824.pdf]
[www.nuedextahcp.com/pba-and-depression.html]
[www.nuedextahcp.com/sites/g/files/qhldwo11926/themes/site/themes/custom/otsuka_ds3_nuedextahcp_theme/dist/css/03-organisms/prism/prismb4a3.css]
[www.nuedextahcp.com/sites/g/files/qhldwo11926/themes/site/themes/custom/otsuka_ds3_nuedextahcp_theme/dist/css/03-organisms/efficacy_endpoint/efficacy_endpoint.106b4a3.delaye]
[www.nuedextahcp.com/sites/g/files/qhldwo11926/files/2024-09/hero1.5-m.jpg]
[www.nuedextahcp.com/sites/g/files/qhldwo11926/files/2024-09/hero1.5-d.jpg]
[www.nuedextahcp.com/sites/g/files/qhldwo11926/files/2024-10/primary-endpoint-mobile.svg]
[www.nuedextahcp.com/sites/g/files/qhldwo11926/files/2024-10/primary-endpoint.svg]
[www.nuedextahcp.com/sites/g/files/qhldwo11926/files/2024-10/Secondary endpoint mobile.svg]
[www.nuedextahcp.com/efficacy.html]
[www.nuedextahcp.com/sites/g/files/qhldwo11926/files/2024-10/Secondary endpoint.svg]
[www.nuedextahcp.com/sites/g/files/qhldwo11926/themes/site/themes/custom/otsuka_ds3_nuedextahcp_theme/dist/css/03-organisms/explore_block/explore_blockb4a3.css]
[www.nuedextahcp.com/sites/g/files/qhldwo11926/themes/site/themes/custom/otsuka_ds3_nuedextahcp_theme/dist/css/03-organisms/adverse_reactions/adverse_reactions.10eb4a3.delaye]
[www.nuedextahcp.com/sites/g/files/qhldwo11926/files/2024-10/Cross-icon.svg]
[www.nuedextahcp.com/sites/g/files/qhldwo11926/themes/site/themes/custom/otsuka_ds3_nuedextahcp_theme/dist/css/03-organisms/nuedexta_contains/nuedexta_contains.111b4a3.delaye]
[www.nuedextahcp.com/sites/g/files/qhldwo11926/themes/site/themes/custom/otsuka_ds3_nuedextahcp_theme/dist/css/03-organisms/drug_interactions/drug_interactions.10fb4a3.delaye]
[www.nuedextahcp.com/important-safety-information.html]
[www.nuedextahcp.com/safety.html]
[www.nuedextahcp.com/sites/g/files/qhldwo11926/files/2024-10/graph-1.svg]
[www.nuedextahcp.com/sites/g/files/qhldwo11926/themes/site/themes/custom/otsuka_ds3_nuedextahcp_theme/dist/css/02-molecules/important_info/important_infob4a3.css]
[www.nuedextahcp.com/sites/g/files/qhldwo11926/themes/site/themes/custom/otsuka_ds3_nuedextahcp_theme/dist/css/03-organisms/dose/doseb4a3.css]
[www.nuedextahcp.com/sites/g/files/qhldwo11926/files/2024-09/hero1.6-m.jpg]
[www.nuedextahcp.com/sites/g/files/qhldwo11926/themes/site/themes/custom/otsuka_ds3_nuedextahcp_theme/dist/css/03-organisms/drug_classification/drug_classification.117b4a3.de]
[www.nuedextahcp.com/sites/g/files/qhldwo11926/files/2024-09/hero1.6-d.jpg]
[www.nuedextahcp.com/sites/g/files/qhldwo11926/files/2024-10/dose.svg]
[www.nuedextahcp.com/sites/g/files/qhldwo11926/files/2024-10/Carol.jpg]
[www.nuedextahcp.com/documents/OTSK_NUTA_HCPVideoTranscripts4_Video 4_FINAL_082824.pdf]
[www.nuedextahcp.com/sites/g/files/qhldwo11926/files/2024-09/liyah-d.jpg]
[www.nuedextahcp.com/sites/g/files/qhldwo11926/files/2024-09/liyah-m.jpg]
[www.nuedextahcp.com/sites/g/files/qhldwo11926/files/2024-09/nuedexta-card.png]
[www.nuedextahcp.com/dosing-and-treatment.html]
[www.nuedextahcp.com/sites/g/files/qhldwo11926/themes/site/themes/custom/otsuka_ds3_nuedextahcp_theme/dist/css/03-organisms/copay_card/copay_cardb4a3.css]
[www.nuedextahcp.com/sites/g/files/qhldwo11926/themes/site/themes/custom/otsuka_ds3_nuedextahcp_theme/dist/css/03-organisms/pba_insurance/pba_insuranceb4a3.css]
[www.nuedextahcp.com/sites/g/files/qhldwo11926/themes/site/themes/custom/otsuka_ds3_nuedextahcp_theme/dist/css/03-organisms/seamless_start/seamless_startb4a3.css]
[www.nuedextahcp.com/access-and-affordability.html]
[www.nuedextahcp.com/sites/g/files/qhldwo11926/themes/site/themes/custom/otsuka_ds3_nuedextahcp_theme/dist/css/02-molecules/card/card-a/card-ab4a3.css]
[www.nuedextahcp.com/sites/g/files/qhldwo11926/themes/site/themes/custom/otsuka_ds3_nuedextahcp_theme/dist/css/01-atoms/cta/ctab4a3.css]
[www.nuedextahcp.com/sites/g/files/qhldwo11926/themes/site/themes/custom/otsuka_ds3_nuedextahcp_theme/dist/css/03-organisms/resources/resourcesb4a3.css]
[www.nuedextahcp.com/sites/g/files/qhldwo11926/files/2024-10/magnifying-glass-icon.svg]
[www.nuedextahcp.com/documents/18US23EUP0020 Nuedexta HCP Nonbranded CNS-LS_ADA Compliant Version.pdf]
[www.nuedextahcp.com/documents/18US23EUP0018 Nuedexta HCP Nonbranded CNS-LS Spanish_ADA Compliant Version_Final.pdf]
[www.nuedextahcp.com/documents/18US23EUP0051 Nuedexta HCP Nonbranded CNS-LS Chinese Simplified.pdf]
[www.nuedextahcp.com/documents/18US23EUP0052 Nuedexta HCP Nonbranded CNS-LS Russian.pdf]
[www.nuedextahcp.com/documents/18US23EUP0054 Nuedexta HCP Nonbranded CNS-LS Burmese.pdf]
[www.nuedextahcp.com/documents/18US23EUP0056 Nuedexta HCP Nonbranded CNS-LS Vietnamese.pdf]
[www.nuedextahcp.com/documents/18US23EUP0053 Nuedexta HCP Nonbranded CNS-LS  Creole.pdf]
[www.nuedextahcp.com/sites/g/files/qhldwo11926/files/2024-10/brochure-icon.svg]
[www.nuedextahcp.com/documents/18US23EBC0146 Nuedexta Digital Patient Brochure_2023.pdf]
[www.nuedextahcp.com/documents/18US23EBC0164 Nuedexta Patient Brochure - Spanish Translation Digital_2023.pdf]
[www.nuedextahcp.com/documents/18US24EBP0014 HCP Core Leave Behind Digital.pdf]
[www.nuedextahcp.com/sites/g/files/qhldwo11926/files/2024-10/copay-card-icon.svg]
[www.nuedextahcp.com/sites/g/files/qhldwo11926/files/2024-10/letter-icon.svg]
[www.nuedextahcp.com/documents/22US23EBP0095-Basic-Letter-Of-Medical-Necessity.pdf]
[www.nuedextahcp.com/documents/22US23EBP0097-Comprehensive-Letter-Of-Medical-Necessity.pdf]
[www.nuedextahcp.com/sites/g/files/qhldwo11926/files/2024-10/checklist-icon.svg]
[www.nuedextahcp.com/resources.html]
[www.nuedextahcp.com/sites/g/files/qhldwo11926/files/2025-08/bottle-icon.svg]
[www.nuedextahcp.com/sites/g/files/qhldwo11926/themes/site/themes/custom/otsuka_ds3_nuedextahcp_theme/dist/css/03-organisms/copy/copyb4a3.css]
[www.nuedextahcp.com/sites/g/files/qhldwo11926/themes/site/themes/custom/otsuka_ds3_nuedextahcp_theme/dist/css/02-molecules/menus/sitemap/sitemapb4a3.css]
[www.nuedextahcp.com/sitemap.html]
[www.nuedextahcp.com/contact-otsuka.html]
[www.nuedextahcp.com/sites/g/files/qhldwo11926/files/2024-10/copay_card.svg]
[www.nuedextahcp.com/sites/g/files/qhldwo11926/files/2024-10/pill-bottle.svg]
[www.nuedextahcp.com/modules/contrib/webform/css/webform.element.details.toggleb4a3.css]
[www.nuedextahcp.com/modules/contrib/webform/css/webform.element.messageb4a3.css]
[www.nuedextahcp.com/modules/contrib/webform/css/webform.formb4a3.css]
[www.nuedextahcp.com/modules/contrib/captcha/css/captchab4a3.css]
[www.nuedextahcp.com/modules/contrib/webform/css/webform.ajaxb4a3.css]
[www.google.com/recaptcha/apic9b1.js]
[www.nuedextahcp.com/modules/contrib/webform/js/webform.form.auto_focusfe04.js]
[www.nuedextahcp.com/documents/18US24EBP0057-NUEDEXTA-Sample-Request-Form-Faxed-Version.pdf]
[cdn.jsdelivr.net/npm/jquery-validation@1.17.0/dist/jquery.validate.min.js]
[www.nuedextahcp.com/modules/contrib/clientside_validation/clientside_validation_jquery/js/cv.jquery.validateb4a3.js]
[www.nuedextahcp.com/modules/contrib/clientside_validation/clientside_validation_jquery/js/cv.pattern.methodb4a3.js]
[www.nuedextahcp.com/core/misc/jquery.forme0a5.js]
[www.nuedextahcp.com/modules/contrib/recaptcha/js/recaptchab4a3.js]
[www.nuedextahcp.com/modules/contrib/webform/js/webform.scrollfe04.js]
[www.nuedextahcp.com/modules/contrib/webform/js/webform.ajaxfe04.js]
[www.nuedextahcp.com/modules/contrib/webform/js/webform.element.details.savefe04.js]
[www.nuedextahcp.com/modules/contrib/webform/js/webform.element.details.togglefe04.js]
[www.nuedextahcp.com/modules/contrib/webform/js/webform.element.messagefe04.js]
[www.nuedextahcp.com/core/misc/formfe04.js]
[www.nuedextahcp.com/modules/contrib/webform/js/webform.behaviorsfe04.js]
[www.nuedextahcp.com/core/misc/statesfe04.js]
[www.nuedextahcp.com/modules/contrib/webform/js/webform.statesfe04.js]
[www.nuedextahcp.com/modules/contrib/webform/js/webform.formfe04.js]
[www.nuedextahcp.com/modules/contrib/webform/js/webform.form.submit_oncefe04.js]
[www.nuedextahcp.com/form/request-a-sample.html]
[www.nuedextahcp.com/t.html]
[connect.facebook.net/en_US/fbevents.js]
[www.nuedextahcp.com/core/misc/icons/e32700/error.svg]
[www.nuedextahcp.com/core/misc/icons/e29700/warning.svg]
[www.nuedextahcp.com/core/misc/icons/73b355/check.svg]
[www.nuedextahcp.com/core/misc/icons/787878/twistie-down.svg]
[www.nuedextahcp.com/core/misc/icons/787878/twistie-up.svg]
[www.nuedextahcp.com/modules/custom/otsuka_privacy_compliant_media/img/video-play-btn-mobile.svg]
[www.nuedextahcp.com/modules/custom/otsuka_privacy_compliant_media/img/video-play-btn.svg]
[www.nuedextahcp.com/modules/custom/otsuka_privacy_compliant_media/img/orbita-chat-bubble.svg]
[www.nuedextahcp.com/sites/g/files/qhldwo11926/themes/site/themes/custom/otsuka_ds3_nuedextahcp_theme/dist/css/03-organisms/isi-tray/img/plus-circle.svg]
[www.nuedextahcp.com/sites/g/files/qhldwo11926/themes/site/themes/custom/otsuka_ds3_nuedextahcp_theme/dist/css/03-organisms/isi-tray/img/minus-circle.svg]
[www.nuedextahcp.com/sites/g/files/qhldwo11926/themes/site/themes/custom/otsuka_ds3_nuedextahcp_theme/dist/images/icons/link-arrow-right-long.svg]
[www.nuedextahcp.com/sites/g/files/qhldwo11926/themes/site/themes/custom/otsuka_ds3_nuedextahcp_theme/dist/images/icons/arrow-nav-dropdown.svg]
[www.nuedextahcp.com/sites/g/files/qhldwo11926/themes/site/themes/custom/otsuka_ds3_nuedextahcp_theme/dist/images/icons/link-arrow-right.svg]
[www.nuedextahcp.com/sites/g/files/qhldwo11926/themes/site/themes/custom/otsuka_ds3_nuedextahcp_theme/dist/css/03-organisms/external-link-popup/img/btn-close-bg.svg]
[www.nuedextahcp.com/sites/g/files/qhldwo11926/themes/site/themes/custom/otsuka_ds3_nuedextahcp_theme/dist/css/03-organisms/webforms/request_a_sample/i/btn-close-bg.c0.delaye]
[www.nuedextahcp.com/sites/g/files/qhldwo11926/themes/site/themes/custom/otsuka_ds3_nuedextahcp_theme/dist/css/03-organisms/copay_and_sample/img/link-icon.svg]
[www.nuedextahcp.com/sites/g/files/qhldwo11926/themes/site/themes/custom/otsuka_ds3_nuedextahcp_theme/dist/css/03-organisms/copay_and_sample/img/link-icon-ext.svg]
[www.nuedextahcp.com/sites/g/files/qhldwo11926/themes/site/themes/custom/otsuka_ds3_nuedextahcp_theme/dist/css/03-organisms/more_patients/more_patientsb4a3.css]
[www.nuedextahcp.com/sites/g/files/qhldwo11926/themes/site/themes/custom/otsuka_ds3_nuedextahcp_theme/dist/css/03-organisms/prescribe_block/prescribe_blockb4a3.css]
[www.nuedextahcp.com/sites/g/files/qhldwo11926/themes/site/themes/custom/otsuka_ds3_nuedextahcp_theme/dist/css/03-organisms/pba_laughing/pba_laughingb4a3.css]
[www.nuedextahcp.com/sites/g/files/qhldwo11926/themes/site/themes/custom/otsuka_ds3_nuedextahcp_theme/dist/css/03-organisms/two_million_patients/two_million_patients.c6b4a3.d]
[www.nuedextahcp.com/sites/g/files/qhldwo11926/themes/site/themes/custom/otsuka_ds3_nuedextahcp_theme/dist/css/03-organisms/video/videoReact/videoReactb4a3.css]
[www.nuedextahcp.com/sites/g/files/qhldwo11926/themes/site/themes/custom/otsuka_ds3_nuedextahcp_theme/dist/css/03-organisms/video/videoReact/img/play-light.svg]
[www.nuedextahcp.com/sites/g/files/qhldwo11926/themes/site/themes/custom/otsuka_ds3_nuedextahcp_theme/dist/images/icons/close-modal.svg]
[www.nuedextahcp.com/sites/g/files/qhldwo11926/themes/site/themes/custom/otsuka_ds3_nuedextahcp_theme/dist/css/03-organisms/video_block/video_blockb4a3.css]
[www.nuedextahcp.com/sites/g/files/qhldwo11926/files/2024-10/Layer_1 (2).svg]
[www.nuedextahcp.com/sites/g/files/qhldwo11926/files/2024-10/Group 2.svg]
[www.nuedextahcp.com/sites/g/files/qhldwo11926/files/2024-10/Layer_1 (3).svg]
[www.nuedextahcp.com/sites/g/files/qhldwo11926/files/2024-10/Layer_1 (4).svg]
[www.nuedextahcp.com/sites/g/files/qhldwo11926/files/2024-10/Layer_1 (5).svg]
[www.nuedextahcp.com/sites/g/files/qhldwo11926/themes/site/themes/custom/otsuka_ds3_nuedextahcp_theme/dist/icons.svg]
[www.nuedextahcp.com/sites/g/files/qhldwo11926/files/2024-10/copay-card-blue.svg]
[www.nuedextahcp.com/sites/g/files/qhldwo11926/files/2024-10/pill-bottle-blue.svg]
[www.nuedextahcp.com/sites/g/files/qhldwo11926/themes/site/themes/custom/otsuka_ds3_nuedextahcp_theme/dist/css/03-organisms/pba_info/pba_infob4a3.css]
[www.nuedextahcp.com/sites/g/files/qhldwo11926/themes/site/themes/custom/otsuka_ds3_nuedextahcp_theme/dist/images/icons/play-light.svg]
[www.nuedextahcp.com/sites/g/files/qhldwo11926/themes/site/themes/custom/otsuka_ds3_nuedextahcp_theme/dist/css/03-organisms/suffering/img/x.svg]
[www.nuedextahcp.com/sites/g/files/qhldwo11926/themes/site/themes/custom/otsuka_ds3_nuedextahcp_theme/dist/css/03-organisms/suffering/sufferingb4a3.css]
[www.nuedextahcp.com/sites/g/files/qhldwo11926/themes/site/themes/custom/otsuka_ds3_nuedextahcp_theme/dist/css/03-organisms/three_steps_to_help/three_steps_to_help.ebb4a3.del]
[www.nuedextahcp.com/sites/g/files/qhldwo11926/themes/site/themes/custom/otsuka_ds3_nuedextahcp_theme/dist/css/03-organisms/video_gallery_complex/video_gallery_complex.ecb4a3]
[www.nuedextahcp.com/sites/g/files/qhldwo11926/files/2024-09/numberbullet_0.svg]
[www.nuedextahcp.com/sites/g/files/qhldwo11926/files/2024-09/numberbullet.svg]
[www.nuedextahcp.com/sites/g/files/qhldwo11926/files/2024-09/numberbullet_1.svg]
[www.nuedextahcp.com/sites/g/files/qhldwo11926/themes/site/themes/custom/otsuka_ds3_nuedextahcp_theme/dist/css/01-atoms/text/text/textb4a3.css]
[www.nuedextahcp.com/sites/g/files/qhldwo11926/themes/site/themes/custom/otsuka_ds3_nuedextahcp_theme/dist/css/03-organisms/blockquote_image/blockquote_imageb4a3.css]
[www.nuedextahcp.com/sites/g/files/qhldwo11926/themes/site/themes/custom/otsuka_ds3_nuedextahcp_theme/dist/css/02-molecules/card/card-i/card-ib4a3.css]
[www.nuedextahcp.com/sites/g/files/qhldwo11926/themes/site/themes/custom/otsuka_ds3_nuedextahcp_theme/dist/css/03-organisms/pba_diff/pba_diffb4a3.css]
[www.nuedextahcp.com/sites/g/files/qhldwo11926/themes/site/themes/custom/otsuka_ds3_nuedextahcp_theme/dist/css/03-organisms/pba_rec/pba_recb4a3.css]
[www.nuedextahcp.com/sites/g/files/qhldwo11926/themes/site/themes/custom/otsuka_ds3_nuedextahcp_theme/dist/css/03-organisms/efficacy_endpoint/efficacy_endpoint.106b4a3.delaye]
[www.nuedextahcp.com/sites/g/files/qhldwo11926/themes/site/themes/custom/otsuka_ds3_nuedextahcp_theme/dist/css/03-organisms/prism/prismb4a3.css]
[www.nuedextahcp.com/sites/g/files/qhldwo11926/files/2024-10/primary-endpoint-mobile.svg]
[www.nuedextahcp.com/sites/g/files/qhldwo11926/files/2024-10/primary-endpoint.svg]
[www.nuedextahcp.com/sites/g/files/qhldwo11926/files/2024-10/Secondary endpoint mobile.svg]
[www.nuedextahcp.com/sites/g/files/qhldwo11926/files/2024-10/Secondary endpoint.svg]
[www.nuedextahcp.com/sites/g/files/qhldwo11926/themes/site/themes/custom/otsuka_ds3_nuedextahcp_theme/dist/css/03-organisms/adverse_reactions/adverse_reactions.10eb4a3.delaye]
[www.nuedextahcp.com/sites/g/files/qhldwo11926/themes/site/themes/custom/otsuka_ds3_nuedextahcp_theme/dist/css/03-organisms/drug_interactions/drug_interactions.10fb4a3.delaye]
[www.nuedextahcp.com/sites/g/files/qhldwo11926/themes/site/themes/custom/otsuka_ds3_nuedextahcp_theme/dist/css/03-organisms/explore_block/explore_blockb4a3.css]
[www.nuedextahcp.com/sites/g/files/qhldwo11926/themes/site/themes/custom/otsuka_ds3_nuedextahcp_theme/dist/css/03-organisms/nuedexta_contains/nuedexta_contains.111b4a3.delaye]
[www.nuedextahcp.com/sites/g/files/qhldwo11926/files/2024-10/Cross-icon.svg]
[www.nuedextahcp.com/important-safety-information.html]
[www.nuedextahcp.com/sites/g/files/qhldwo11926/files/2024-10/graph-1.svg]
[www.nuedextahcp.com/sites/g/files/qhldwo11926/themes/site/themes/custom/otsuka_ds3_nuedextahcp_theme/dist/css/02-molecules/important_info/important_infob4a3.css]
[www.nuedextahcp.com/sites/g/files/qhldwo11926/themes/site/themes/custom/otsuka_ds3_nuedextahcp_theme/dist/css/03-organisms/dose/doseb4a3.css]
[www.nuedextahcp.com/sites/g/files/qhldwo11926/themes/site/themes/custom/otsuka_ds3_nuedextahcp_theme/dist/css/03-organisms/drug_classification/drug_classification.117b4a3.de]
[www.nuedextahcp.com/sites/g/files/qhldwo11926/files/2024-10/dose.svg]
[www.nuedextahcp.com/sites/g/files/qhldwo11926/themes/site/themes/custom/otsuka_ds3_nuedextahcp_theme/dist/css/03-organisms/copay_card/copay_cardb4a3.css]
[www.nuedextahcp.com/sites/g/files/qhldwo11926/themes/site/themes/custom/otsuka_ds3_nuedextahcp_theme/dist/css/03-organisms/pba_insurance/pba_insuranceb4a3.css]
[www.nuedextahcp.com/sites/g/files/qhldwo11926/themes/site/themes/custom/otsuka_ds3_nuedextahcp_theme/dist/css/03-organisms/seamless_start/seamless_startb4a3.css]
[www.nuedextahcp.com/sites/g/files/qhldwo11926/themes/site/themes/custom/otsuka_ds3_nuedextahcp_theme/dist/css/02-molecules/card/card-a/card-ab4a3.css]
[www.nuedextahcp.com/sites/g/files/qhldwo11926/themes/site/themes/custom/otsuka_ds3_nuedextahcp_theme/dist/css/01-atoms/cta/ctab4a3.css]
[www.nuedextahcp.com/sites/g/files/qhldwo11926/themes/site/themes/custom/otsuka_ds3_nuedextahcp_theme/dist/css/03-organisms/resources/resourcesb4a3.css]
[www.nuedextahcp.com/sites/g/files/qhldwo11926/files/2024-10/magnifying-glass-icon.svg]
[www.nuedextahcp.com/sites/g/files/qhldwo11926/files/2024-10/brochure-icon.svg]
[www.nuedextahcp.com/sites/g/files/qhldwo11926/files/2024-10/copay-card-icon.svg]
[www.nuedextahcp.com/sites/g/files/qhldwo11926/files/2024-10/letter-icon.svg]
[www.nuedextahcp.com/sites/g/files/qhldwo11926/files/2024-10/checklist-icon.svg]
[www.nuedextahcp.com/sites/g/files/qhldwo11926/files/2025-08/bottle-icon.svg]
[www.nuedextahcp.com/sites/g/files/qhldwo11926/themes/site/themes/custom/otsuka_ds3_nuedextahcp_theme/dist/css/03-organisms/copy/copyb4a3.css]
[www.nuedextahcp.com/sites/g/files/qhldwo11926/themes/site/themes/custom/otsuka_ds3_nuedextahcp_theme/dist/css/02-molecules/menus/sitemap/sitemapb4a3.css]
[www.nuedextahcp.com/modules/contrib/webform/css/webform.element.details.toggleb4a3.css]
[www.nuedextahcp.com/modules/contrib/webform/css/webform.element.messageb4a3.css]
[www.nuedextahcp.com/modules/contrib/webform/css/webform.formb4a3.css]
[www.nuedextahcp.com/modules/contrib/captcha/css/captchab4a3.css]
[www.nuedextahcp.com/modules/contrib/webform/css/webform.ajaxb4a3.css]
[assets.adobedtm.com/signals/iwl.html]
[assets.adobedtm.com/signals/iwl0fc5.html]
[www.nuedextahcp.com/sites/g/files/qhldwo11926/themes/site/themes/custom/otsuka_ds3_nuedextahcp_theme/dist/css/03-organisms/video/videoReact/img/play-light.svg]
[www.nuedextahcp.com/sites/g/files/qhldwo11926/themes/site/themes/custom/otsuka_ds3_nuedextahcp_theme/dist/images/icons/close-modal.svg]
[www.nuedextahcp.com/sites/g/files/qhldwo11926/themes/site/themes/custom/otsuka_ds3_nuedextahcp_theme/dist/images/icons/play-light.svg]
[www.nuedextahcp.com/sites/g/files/qhldwo11926/themes/site/themes/custom/otsuka_ds3_nuedextahcp_theme/dist/css/03-organisms/suffering/img/x.svg]
[www.nuedextahcp.com/sites/g/files/qhldwo11926/themes/site/themes/custom/otsuka_ds3_nuedextahcp_theme/dist/css/03-organisms/suffering/img/quote.svg]
[www.nuedextahcp.com/sites/g/files/qhldwo11926/themes/site/themes/custom/otsuka_ds3_nuedextahcp_theme/dist/css/03-organisms/suffering/img/quote.svg]
